
	Trial License -- for use to evaluate programs for possible purchase as an end-user only.

[SYN] grid 209 x 83 at 0.25 km, 5598 cells inside the aquifer.
[SYN] truth: logK in [3.97, 5.20], K in [53, 181] m/day, n in [0.257, 0.345].
[SYN] correlation of logK with the Kozeny-Carman term: 0.919 (residual sd 0.13).
[SYN] land-boundary heads interpolated from the wells, clamped to [4.0, 45.0] m.
[SYN] solver check, uniform K and a linear boundary field: max error 7.46e-14 m
[SYN] head field: 4.0 to 25.0 m (observed range 4.0 to 45.0 m).
[SYN] virtual wells: K 44 to 308 m/day, head 3.2 to 22.5 m, all finite.
[> In dlarray/gpuArray (line 22)
In main_synthetic (line 183)
In run (line 100)] 
[Warning: Support for GPU devices with compute capability 6.1 will be removed in a future MATLAB release. For more information on GPU support, see <a
href="matlab:web('http://www.mathworks.com/help/parallel-computing/gpu-computing-requirements.html','-browser')">GPU Computing Requirements</a>.] 
[SYN] geo-prior recalibrated on the synthetic wells: K_far=71 K_chan=110 R2=0.13
[SYN] base        checkpoint exists, loading.

########## SYNTHETIC +L5  (L5=0.05 L6=0 L7=0, 4 layers, 64 units) ##########
SYN-L5 ep   600 | L=3.779e+00 | L2 1.53e-01 L3 1.24e-01 BCd 0.00e+00 BCn 3.27e-01
SYN-L5 ep  1200 | L=3.827e+00 | L2 1.59e-01 L3 1.30e-01 BCd 0.00e+00 BCn 2.37e-01
SYN-L5 early stop at epoch 1701 (plateau 0.98% over 300 ep)
  MC-dropout pass 20/30
  saved ..\results\synth\L5.mat (9.5 min)
[SYN] +L6         checkpoint exists, loading.
[SYN] +L7         checkpoint exists, loading.

########## SYNTHETIC full  (L5=0.05 L6=0.5 L7=1.5, 4 layers, 64 units) ##########
SYN-full ep   600 | L=4.612e+00 | L2 2.15e-01 L3 1.37e-01 BCd 0.00e+00 BCn 2.81e-01
SYN-full ep  1200 | L=3.705e+00 | L2 1.53e-01 L3 1.18e-01 BCd 0.00e+00 BCn 3.15e-01
SYN-full early stop at epoch 1687 (plateau 0.97% over 300 ep)
  MC-dropout pass 20/30
  saved ..\results\synth\full.mat (9.2 min)

########## SYNTHETIC w5 x 0.5  (L5=0.025 L6=0.5 L7=1.5, 4 layers, 64 units) ##########
SYN-w5lo ep   600 | L=3.784e+00 | L2 1.48e-01 L3 1.23e-01 BCd 0.00e+00 BCn 2.78e-01
SYN-w5lo ep  1200 | L=3.327e+00 | L2 1.15e-01 L3 1.17e-01 BCd 0.00e+00 BCn 2.34e-01
SYN-w5lo ep  1800 | L=3.194e+00 | L2 1.23e-01 L3 1.05e-01 BCd 0.00e+00 BCn 2.41e-01
  MC-dropout pass 20/30
  saved ..\results\synth\w5lo.mat (9.5 min)

########## SYNTHETIC w5 x 2  (L5=0.1 L6=0.5 L7=1.5, 4 layers, 64 units) ##########
SYN-w5hi ep   600 | L=3.812e+00 | L2 1.28e-01 L3 1.58e-01 BCd 0.00e+00 BCn 3.22e-01
SYN-w5hi ep  1200 | L=2.911e+00 | L2 6.27e-02 L3 1.41e-01 BCd 0.00e+00 BCn 2.65e-01
SYN-w5hi early stop at epoch 1698 (plateau 0.99% over 300 ep)
  MC-dropout pass 20/30
  saved ..\results\synth\w5hi.mat (8.9 min)

########## SYNTHETIC w6 x 0.5  (L5=0.05 L6=0.25 L7=1.5, 4 layers, 64 units) ##########
SYN-w6lo ep   600 | L=4.202e+00 | L2 1.56e-01 L3 1.52e-01 BCd 0.00e+00 BCn 3.10e-01
SYN-w6lo ep  1200 | L=3.473e+00 | L2 1.40e-01 L3 1.17e-01 BCd 0.00e+00 BCn 2.44e-01
SYN-w6lo early stop at epoch 1779 (plateau 0.96% over 300 ep)
  MC-dropout pass 20/30
  saved ..\results\synth\w6lo.mat (9.3 min)

########## SYNTHETIC w6 x 2  (L5=0.05 L6=1 L7=1.5, 4 layers, 64 units) ##########
SYN-w6hi ep   600 | L=3.897e+00 | L2 1.39e-01 L3 1.33e-01 BCd 0.00e+00 BCn 3.01e-01
SYN-w6hi ep  1200 | L=3.929e+00 | L2 1.68e-01 L3 1.27e-01 BCd 0.00e+00 BCn 3.20e-01
SYN-w6hi early stop at epoch 1670 (plateau 0.95% over 300 ep)
  MC-dropout pass 20/30
  saved ..\results\synth\w6hi.mat (8.8 min)

########## SYNTHETIC w7 x 0.5  (L5=0.05 L6=0.5 L7=0.75, 4 layers, 64 units) ##########
SYN-w7lo ep   600 | L=3.846e+00 | L2 1.64e-01 L3 1.23e-01 BCd 0.00e+00 BCn 2.78e-01
SYN-w7lo ep  1200 | L=3.085e+00 | L2 9.87e-02 L3 1.21e-01 BCd 0.00e+00 BCn 2.48e-01
SYN-w7lo early stop at epoch 1762 (plateau 0.97% over 300 ep)
  MC-dropout pass 20/30
  saved ..\results\synth\w7lo.mat (9.4 min)

########## SYNTHETIC w7 x 2  (L5=0.05 L6=0.5 L7=3, 4 layers, 64 units) ##########
SYN-w7hi ep   600 | L=4.145e+00 | L2 1.67e-01 L3 1.41e-01 BCd 0.00e+00 BCn 2.87e-01
SYN-w7hi ep  1200 | L=3.665e+00 | L2 1.46e-01 L3 1.22e-01 BCd 0.00e+00 BCn 3.02e-01
SYN-w7hi early stop at epoch 1748 (plateau 0.94% over 300 ep)
  MC-dropout pass 20/30
  saved ..\results\synth\w7hi.mat (9.3 min)

########## SYNTHETIC 2 layers  (L5=0.05 L6=0.5 L7=1.5, 2 layers, 64 units) ##########
SYN-L2w64 ep   600 | L=3.670e+00 | L2 1.38e-01 L3 1.50e-01 BCd 0.00e+00 BCn 3.28e-01
SYN-L2w64 ep  1200 | L=2.875e+00 | L2 7.91e-02 L3 1.28e-01 BCd 0.00e+00 BCn 3.91e-01
SYN-L2w64 early stop at epoch 1627 (plateau 0.98% over 300 ep)
  MC-dropout pass 20/30
  saved ..\results\synth\L2w64.mat (6.1 min)

########## SYNTHETIC 6 layers  (L5=0.05 L6=0.5 L7=1.5, 6 layers, 64 units) ##########
SYN-L6w64 ep   600 | L=4.752e+00 | L2 2.27e-01 L3 1.55e-01 BCd 0.00e+00 BCn 2.44e-01
SYN-L6w64 ep  1200 | L=3.703e+00 | L2 1.31e-01 L3 1.34e-01 BCd 0.00e+00 BCn 2.79e-01
SYN-L6w64 early stop at epoch 1779 (plateau 0.99% over 300 ep)
  MC-dropout pass 20/30
  saved ..\results\synth\L6w64.mat (12.1 min)

########## SYNTHETIC 32 units  (L5=0.05 L6=0.5 L7=1.5, 4 layers, 32 units) ##########
SYN-L4w32 ep   600 | L=5.334e+00 | L2 2.76e-01 L3 1.66e-01 BCd 0.00e+00 BCn 2.60e-01
SYN-L4w32 ep  1200 | L=3.810e+00 | L2 1.49e-01 L3 1.42e-01 BCd 0.00e+00 BCn 2.82e-01
SYN-L4w32 early stop at epoch 1703 (plateau 0.95% over 300 ep)
  MC-dropout pass 20/30
  saved ..\results\synth\L4w32.mat (8.9 min)

########## SYNTHETIC 128 units  (L5=0.05 L6=0.5 L7=1.5, 4 layers, 128 units) ##########
SYN-L4w128 ep   600 | L=3.665e+00 | L2 1.42e-01 L3 1.33e-01 BCd 0.00e+00 BCn 2.44e-01
SYN-L4w128 ep  1200 | L=3.421e+00 | L2 1.28e-01 L3 1.16e-01 BCd 0.00e+00 BCn 3.51e-01
SYN-L4w128 ep  1800 | L=3.080e+00 | L2 9.28e-02 L3 1.19e-01 BCd 0.00e+00 BCn 3.71e-01
  MC-dropout pass 20/30
  saved ..\results\synth\L4w128.mat (10.1 min)

===== porosity from kriged K against the known field =====
kriging     logK RMSE 0.3201   n RMSE 0.0257
DPC-PINN    logK RMSE 0.2900   n RMSE 0.0177

=========== SYNTHETIC RECOVERY, 5598 evaluation cells ===========
        block           config        w5       w6      w7     layers    units    logK_RMSE    logK_bias    logK_corr     n_RMSE       n_bias        n_corr      head_RMSE    head_corr
    ______________    ___________    _____    ____    ____    ______    _____    _________    _________    _________    ________    ___________    _________    _________    _________

    "loss"            "base"             0       0       0      4         64      0.52404        -0.261    0.051182     0.022762     -0.0048384      0.18588     3.1245       0.79656 
    "loss"            "+L5"           0.05       0       0      4         64      0.31372      -0.14117     0.49446     0.028428       0.014787    -0.093234     2.9218       0.82393 
    "loss"            "+L6"              0     0.5       0      4         64      0.52772      -0.26651     0.06362      0.03332      -0.011112     0.070997     3.1463       0.79542 
    "loss"            "+L7"              0       0     1.5      4         64      0.37878      -0.15131     0.29187     0.025701    -0.00065326      0.24749     3.1359       0.79909 
    "loss"            "full"          0.05     0.5     1.5      4         64      0.28998      -0.11848     0.58596     0.017658     -0.0016729      0.44466     2.8907        0.8271 
    "weights"         "w5 x 0.5"     0.025     0.5     1.5      4         64      0.29522      -0.12213     0.55433     0.018004     -0.0019885      0.43966       2.95       0.81745 
    "weights"         "w5 x 2"         0.1     0.5     1.5      4         64       0.2908      -0.11432     0.58265     0.017803    -0.00091725      0.41782     2.8163       0.83761 
    "weights"         "w6 x 0.5"      0.05    0.25     1.5      4         64       0.2869      -0.11213     0.58654     0.017621    -0.00082332      0.44643      2.879       0.82806 
    "weights"         "w6 x 2"        0.05       1     1.5      4         64      0.28691      -0.11496     0.59323      0.01766     -0.0011644       0.4456     2.9147       0.82596 
    "weights"         "w7 x 0.5"      0.05     0.5    0.75      4         64      0.29544      -0.12403      0.5639     0.017971     -0.0021213       0.4273     2.9258       0.82404 
    "weights"         "w7 x 2"        0.05     0.5       3      4         64       0.2809      -0.10836     0.61681     0.017247    -0.00079954      0.47196     2.9046       0.82883 
    "architecture"    "2 layers"      0.05     0.5     1.5      2         64      0.28254     -0.098993     0.57403     0.018395    -0.00071842      0.40744     2.5503       0.87221 
    "architecture"    "6 layers"      0.05     0.5     1.5      6         64      0.29584      -0.13331     0.60033     0.017118     -0.0012059      0.47708     3.0965       0.79355 
    "architecture"    "32 units"      0.05     0.5     1.5      4         32      0.28544      -0.11736     0.62865     0.016812     -0.0018406      0.50538     3.1099        0.7967 
    "architecture"    "128 units"     0.05     0.5     1.5      4        128      0.28541      -0.11154     0.58466     0.017953    -0.00069867      0.43668     2.8852       0.83571 


Read this as: the truth is known everywhere, so these errors are field errors, not
errors at the 37 sampled points. A prior that only interpolates better at the wells
will not show up here.

Written: results/synthetic_truth.csv, results/synthetic_recovery.csv,
         figures/fig11_synthetic.png
STAGE_OK
