
	Trial License -- for use to evaluate programs for possible purchase as an end-user only.

GPU detected -> folds train on GPU.
[> In dlarray/gpuArray (line 22)
In main_ablation_factorial (line 78)
In run (line 100)] 
[Warning: Support for GPU devices with compute capability 6.1 will be removed in a future MATLAB release. For more information on GPU support, see <a
href="matlab:web('http://www.mathworks.com/help/parallel-computing/gpu-computing-requirements.html','-browser')">GPU Computing Requirements</a>.] 
Collocation pool... geo-prior calib: K_far=83 K_chan=148 m/day  R2=0.20
done (12.2 s).
Fold sizes: [8 8 7 7 7]

9 modes x 5 folds = 45 cells. Existing checkpoints are skipped.

################ MODE 1/9: base  (L4=0 L5=0 L6=0 L7=0) ################
  base fold 1: checkpoint exists, skipped.
  base fold 2: checkpoint exists, skipped.
  base fold 3: checkpoint exists, skipped.
  base fold 4: checkpoint exists, skipped.
  base fold 5: checkpoint exists, skipped.

################ MODE 2/9: +L5  (L4=0 L5=0.05 L6=0 L7=0) ################
  +L5 fold 1: checkpoint exists, skipped.
  +L5 fold 2: checkpoint exists, skipped.
  +L5 fold 3: checkpoint exists, skipped.
  +L5 fold 4: checkpoint exists, skipped.
  +L5 fold 5: checkpoint exists, skipped.

################ MODE 3/9: +L6  (L4=0 L5=0 L6=0.5 L7=0) ################
  +L6 fold 1: checkpoint exists, skipped.
  +L6 fold 2: checkpoint exists, skipped.
  +L6 fold 3: checkpoint exists, skipped.
  +L6 fold 4: checkpoint exists, skipped.
  +L6 fold 5: checkpoint exists, skipped.

################ MODE 4/9: +L7  (L4=0 L5=0 L6=0 L7=1.5) ################
  +L7 fold 1: checkpoint exists, skipped.
  +L7 fold 2: checkpoint exists, skipped.
  +L7 fold 3: checkpoint exists, skipped.
  +L7 fold 4: checkpoint exists, skipped.
  +L7 fold 5: checkpoint exists, skipped.

################ MODE 5/9: +L5+L6  (L4=0 L5=0.05 L6=0.5 L7=0) ################
  +L5+L6 fold 1: checkpoint exists, skipped.
  +L5+L6 fold 2: checkpoint exists, skipped.
  +L5+L6 fold 3: checkpoint exists, skipped.
  +L5+L6 fold 4: checkpoint exists, skipped.
  +L5+L6 fold 5: checkpoint exists, skipped.

################ MODE 6/9: +L5+L7  (L4=0 L5=0.05 L6=0 L7=1.5) ################
  +L5+L7 fold 1: checkpoint exists, skipped.
  +L5+L7 fold 2: checkpoint exists, skipped.
  +L5+L7 fold 3: checkpoint exists, skipped.

=== +L5+L7 FOLD 4/5: train 30, test 7 ===
  geo-prior calib on 30 training wells: K_far=88 K_chan=159 m/day  R2=0.20
+L5+L7-F4 ep   600 | L=6.546e+00 | L2 4.57e-01 L3 1.11e-01 BCd 0.00e+00 BCn 2.23e-01
+L5+L7-F4 ep  1200 | L=6.205e+00 | L2 4.34e-01 L3 9.70e-02 BCd 0.00e+00 BCn 2.81e-01
+L5+L7-F4 early stop at epoch 1329 (plateau 1.00% over 300 ep)
  MC-dropout pass 20/30
  saved ..\results\ablation_fac\L5L7_f4.mat

=== +L5+L7 FOLD 5/5: train 30, test 7 ===
  geo-prior calib on 30 training wells: K_far=71 K_chan=151 m/day  R2=0.32
+L5+L7-F5 ep   600 | L=6.079e+00 | L2 4.26e-01 L3 7.69e-02 BCd 0.00e+00 BCn 2.37e-01
+L5+L7-F5 ep  1200 | L=5.180e+00 | L2 3.33e-01 L3 9.98e-02 BCd 0.00e+00 BCn 2.48e-01
+L5+L7-F5 early stop at epoch 1786 (plateau 0.99% over 300 ep)
  MC-dropout pass 20/30
  saved ..\results\ablation_fac\L5L7_f5.mat

################ MODE 7/9: +L6+L7  (L4=0 L5=0 L6=0.5 L7=1.5) ################

=== +L6+L7 FOLD 1/5: train 29, test 8 ===
  geo-prior calib on 29 training wells: K_far=84 K_chan=137 m/day  R2=0.16
+L6+L7-F1 ep   600 | L=4.601e+00 | L2 3.66e-01 L3 3.16e-02 BCd 0.00e+00 BCn 1.68e-01
+L6+L7-F1 ep  1200 | L=4.591e+00 | L2 3.94e-01 L3 1.11e-02 BCd 0.00e+00 BCn 1.67e-01
+L6+L7-F1 early stop at epoch 1345 (plateau 0.93% over 300 ep)
  MC-dropout pass 20/30
  saved ..\results\ablation_fac\L6L7_f1.mat

=== +L6+L7 FOLD 2/5: train 29, test 8 ===
  geo-prior calib on 29 training wells: K_far=88 K_chan=162 m/day  R2=0.22
+L6+L7-F2 ep   600 | L=5.303e+00 | L2 3.90e-01 L3 8.29e-02 BCd 0.00e+00 BCn 1.94e-01
+L6+L7-F2 ep  1200 | L=5.383e+00 | L2 4.26e-01 L3 6.17e-02 BCd 0.00e+00 BCn 1.79e-01
+L6+L7-F2 early stop at epoch 1582 (plateau 0.99% over 300 ep)
  MC-dropout pass 20/30
  saved ..\results\ablation_fac\L6L7_f2.mat

=== +L6+L7 FOLD 3/5: train 30, test 7 ===
  geo-prior calib on 30 training wells: K_far=83 K_chan=136 m/day  R2=0.14
+L6+L7-F3 ep   600 | L=4.901e+00 | L2 3.30e-01 L3 9.91e-02 BCd 0.00e+00 BCn 1.51e-01
+L6+L7-F3 ep  1200 | L=4.345e+00 | L2 3.32e-01 L3 4.56e-02 BCd 0.00e+00 BCn 1.27e-01
+L6+L7-F3 early stop at epoch 1771 (plateau 1.00% over 300 ep)
  MC-dropout pass 20/30
  saved ..\results\ablation_fac\L6L7_f3.mat

=== +L6+L7 FOLD 4/5: train 30, test 7 ===
  geo-prior calib on 30 training wells: K_far=88 K_chan=159 m/day  R2=0.20
+L6+L7-F4 ep   600 | L=4.674e+00 | L2 3.30e-01 L3 7.00e-02 BCd 0.00e+00 BCn 2.09e-01
+L6+L7-F4 ep  1200 | L=5.779e+00 | L2 4.50e-01 L3 6.51e-02 BCd 0.00e+00 BCn 2.35e-01
+L6+L7-F4 early stop at epoch 1673 (plateau 0.97% over 300 ep)
  MC-dropout pass 20/30
  saved ..\results\ablation_fac\L6L7_f4.mat

=== +L6+L7 FOLD 5/5: train 30, test 7 ===
  geo-prior calib on 30 training wells: K_far=71 K_chan=151 m/day  R2=0.32
+L6+L7-F5 ep   600 | L=4.167e+00 | L2 3.19e-01 L3 3.40e-02 BCd 0.00e+00 BCn 1.41e-01
+L6+L7-F5 ep  1200 | L=4.155e+00 | L2 3.34e-01 L3 2.94e-02 BCd 0.00e+00 BCn 1.34e-01
+L6+L7-F5 early stop at epoch 1715 (plateau 1.00% over 300 ep)
  MC-dropout pass 20/30
  saved ..\results\ablation_fac\L6L7_f5.mat

################ MODE 8/9: full  (L4=0 L5=0.05 L6=0.5 L7=1.5) ################

=== full FOLD 1/5: train 29, test 8 ===
  geo-prior calib on 29 training wells: K_far=84 K_chan=137 m/day  R2=0.16
full-F1 ep   600 | L=4.989e+00 | L2 3.37e-01 L3 6.14e-02 BCd 0.00e+00 BCn 2.16e-01
full-F1 ep  1200 | L=5.597e+00 | L2 4.17e-01 L3 5.50e-02 BCd 0.00e+00 BCn 2.30e-01
full-F1 early stop at epoch 1736 (plateau 0.92% over 300 ep)
  MC-dropout pass 20/30
  saved ..\results\ablation_fac\full_f1.mat

=== full FOLD 2/5: train 29, test 8 ===
  geo-prior calib on 29 training wells: K_far=88 K_chan=162 m/day  R2=0.22
full-F2 ep   600 | L=5.821e+00 | L2 4.00e-01 L3 9.15e-02 BCd 0.00e+00 BCn 2.47e-01
full-F2 ep  1200 | L=5.106e+00 | L2 3.38e-01 L3 8.47e-02 BCd 0.00e+00 BCn 2.49e-01
full-F2 early stop at epoch 1566 (plateau 0.98% over 300 ep)
  MC-dropout pass 20/30
  saved ..\results\ablation_fac\full_f2.mat

=== full FOLD 3/5: train 30, test 7 ===
  geo-prior calib on 30 training wells: K_far=83 K_chan=136 m/day  R2=0.14
full-F3 ep   600 | L=4.999e+00 | L2 2.85e-01 L3 1.12e-01 BCd 0.00e+00 BCn 2.04e-01
