
	Trial License -- for use to evaluate programs for possible purchase as an end-user only.

Aerospace Blockset Aerospace Toolbox
Antenna Toolbox Audio Toolbox
Bioinformatics Toolbox Bluetooth Toolbox
C2000 Microcontroller Blockset Communications Toolbox
Computer Vision Toolbox Control System Toolbox
Curve Fitting Toolbox DSP System Toolbox
Data Acquisition Toolbox Database Toolbox
Datafeed Toolbox Deep Learning Toolbox
Econometrics Toolbox Financial Instruments Toolbox
Financial Toolbox Fixed-Point Designer
Fuzzy Logic Toolbox Global Optimization Toolbox
Image Acquisition Toolbox Image Processing Toolbox
Industrial Communication Toolbox Instrument Control Toolbox
Lidar Toolbox MATLAB
MATLAB Coder MATLAB Report Generator
MATLAB Test Mapping Toolbox
Medical Imaging Toolbox Mixed-Signal Blockset
Model Predictive Control Toolbox Motor Control Blockset
Navigation Toolbox Optimization Toolbox
Parallel Computing Toolbox Partial Differential Equation Toolbox
Phased Array System Toolbox Predictive Maintenance Toolbox
RF Blockset RF PCB Toolbox
RF Toolbox ROS Toolbox
Radar Toolbox Raspberry Pi Blockset
Reinforcement Learning Toolbox Requirements Toolbox
Risk Management Toolbox Robotics System Toolbox
Robust Control Toolbox STM32 Microcontroller Blockset
Satellite Communications Toolbox Sensor Fusion and Tracking Toolbox
Signal Integrity Toolbox Signal Processing Toolbox
SimBiology SimEvents
Simscape Simscape Battery
Simscape Driveline Simscape Electrical
Simscape Fluids Simscape Multibody
Simulink Simulink 3D Animation
Simulink Check Simulink Coder
Simulink Control Design Simulink Coverage
Simulink Design Optimization Simulink Design Verifier
Simulink Desktop Real-Time Simulink Fault Analyzer
Simulink Report Generator Simulink Test
SoC Blockset Spreadsheet Link
Stateflow Statistics and Machine Learning Toolbox
Symbolic Math Toolbox System Composer
System Identification Toolbox Text Analytics Toolbox
UAV Toolbox Vehicle Network Toolbox
Wavelet Toolbox Wireless Testbench
26.1 26.1
26.1 26.1
26.1 26.1
26.1 26.1
26.1 26.1
26.1 26.1
26.1 26.1
26.1 26.1
26.1 26.1
26.1 26.1
26.1 26.1
26.1 26.1
26.1 26.1
26.1 26.1
26.1 26.1
26.1 26.1
26.1 26.1
26.1 26.1
26.1 26.1
26.1 26.1
26.1 26.1
26.1 26.1
26.1 26.1
26.1 26.1
26.1 26.1
26.1 26.1
26.1 26.1
26.1 26.1
26.1 26.1
26.1 26.1
26.1 26.1
26.1 26.1
26.1 26.1
26.1 26.1
26.1 26.1
26.1 26.1
26.1 26.1
26.1 26.1
26.1 26.1
26.1 26.1
26.1 26.1
26.1 26.1
26.1 26.1
26.1 26.1
26.1 26.1
     1

